// Jest Snapshot v1, https://goo.gl/fbAQLP

exports[`broccoli-terser-sourcemap can disable sourcemaps 1`] = `
Object {
  "inside": Object {
    "with-upstream-sourcemap.js": "function meaningOfLife(){throw new Error(42)}function boom(){throw new Error(\\"boom\\")}function somethingElse(){throw new Error(\\"somethign else\\")}function fourth(){throw new Error(\\"fourth\\")}function third(){throw new Error(\\"oh no\\")}",
  },
  "mjs": Object {
    "index.mjs": "const MJS_I_GUESS=\\"ok\\";export default\\"ok\\";",
  },
  "multi": Object {
    "with-multi-sourcemap.js": "function meaningOfLife(){throw new Error(42)}function boom(){throw new Error(\\"boom\\")}function somethingElse(){throw new Error(\\"somethign else\\")}function fourth(){throw new Error(\\"fourth\\")}function third(){throw new Error(\\"oh no\\")}",
  },
  "no-upstream-sourcemap.js": "function meaningOfLife(){throw new Error(42)}function boom(){throw new Error(\\"boom\\")}function somethingElse(){throw new Error(\\"somethign else\\")}function fourth(){throw new Error(\\"fourth\\")}function third(){throw new Error(\\"oh no\\")}",
  "something.css": "#id {
    background: white;
}",
  "with-broken-sourcemap.js": "function meaningOfLife(){throw new Error(42)}",
  "with-sourcemap-like-string.js": "function createURL(e,n,a){var i=void 0===n?null:n,t=decodeBase64(e,void 0!==a&&a),c=t.indexOf(\\"\\\\n\\",10)+1,r=t.substring(c)+(i?\\"//# sourceMappingURL=\\"+i:\\"\\"),o=new Blob([r],{type:\\"application/javascript\\"});return URL.createObjectURL(o)}function createURL2(e,n,a){var i=void 0===n?null:n,t=decodeBase64(e,void 0!==a&&a),c=t.indexOf(\\"\\\\n\\",10)+1,r=t.substring(c)+(i?\\"//# sourceMappingURL=\\"+i:\\"\\"),o=new Blob([r],{type:\\"application/javascript\\"});return URL.createObjectURL(o)}",
}
`;

exports[`broccoli-terser-sourcemap can exclude files from getting uglified 1`] = `
Object {
  "inside": Object {
    "with-upstream-sourcemap.js": "/* This is my header. */
function meaningOfLife() {
  var thisIsALongLocal = 42;
  throw new Error(thisIsALongLocal);
}

function boom() {
  throw new Error('boom');
}
function somethingElse() {
  throw new Error(\\"somethign else\\");
}

// Hello world

function fourth(){
  throw new Error('fourth');
}
function third(){
  throw new Error(\\"oh no\\");
}
//# sourceMappingURL=with-upstream-sourcemap.map",
    "with-upstream-sourcemap.map": "{\\"version\\":3,\\"sources\\":[\\"/inner/first.js\\",\\"/inner/second.js\\",\\"/other/fourth.js\\",\\"/other/third.js\\"],\\"sourcesContent\\":[\\"function meaningOfLife() {\\\\n  var thisIsALongLocal = 42;\\\\n  throw new Error(thisIsALongLocal);\\\\n}\\\\n\\\\nfunction boom() {\\\\n  throw new Error('boom');\\\\n}\\\\n\\",\\"function somethingElse() {\\\\n  throw new Error(\\\\\\"somethign else\\\\\\");\\\\n}\\\\n\\",\\"\\\\n// Hello world\\\\n\\\\nfunction fourth(){\\\\n  throw new Error('fourth');\\\\n}\\\\n\\",\\"function third(){\\\\n  throw new Error(\\\\\\"oh no\\\\\\");\\\\n}\\\\n\\"],\\"names\\":[],\\"mappings\\":\\";AAAA;AACA;AACA;AACA;AACA;AACA;AACA;AACA;ACPA;AACA;AACA;ACFA;AACA;AACA;AACA;AACA;AACA;ACLA;AACA;AACA;\\",\\"file\\":\\"with-upstream-sourcemap.js\\"}",
  },
  "mjs": Object {
    "index.mjs": "const MJS_I_GUESS=\\"ok\\";export default\\"ok\\";
//# sourceMappingURL=index.mjs.map",
    "index.mjs.map": "{\\"version\\":3,\\"sources\\":[\\"mjs/index.mjs\\"],\\"names\\":[\\"MJS_I_GUESS\\"],\\"mappings\\":\\"AAAA,MAAMA,YAAc,mBAAA\\",\\"file\\":\\"index.mjs\\"}",
  },
  "multi": Object {
    "with-multi-sourcemap.js": "function meaningOfLife(){throw new Error(42)}function boom(){throw new Error(\\"boom\\")}function somethingElse(){throw new Error(\\"somethign else\\")}function fourth(){throw new Error(\\"fourth\\")}function third(){throw new Error(\\"oh no\\")}
//# sourceMappingURL=with-multi-sourcemap.js.map",
    "with-multi-sourcemap.js.map": "{\\"version\\":3,\\"sources\\":[\\"/inner/first.js\\",\\"/inner/second.js\\",\\"/other/fourth.js\\",\\"/other/third.js\\"],\\"names\\":[\\"meaningOfLife\\",\\"Error\\",\\"boom\\",\\"somethingElse\\",\\"fourth\\",\\"third\\"],\\"mappings\\":\\"AAAA,SAAAA,gBAEA,MAAA,IAAAC,MADA,IAIA,SAAAC,OACA,MAAA,IAAAD,MAAA,QCNA,SAAAE,gBACA,MAAA,IAAAF,MAAA,kBCEA,SAAAG,SACA,MAAA,IAAAH,MAAA,UCJA,SAAAI,QACA,MAAA,IAAAJ,MAAA\\",\\"file\\":\\"with-multi-sourcemap.js\\",\\"sourcesContent\\":[\\"function meaningOfLife() {\\\\n  var thisIsALongLocal = 42;\\\\n  throw new Error(thisIsALongLocal);\\\\n}\\\\n\\\\nfunction boom() {\\\\n  throw new Error('boom');\\\\n}\\\\n\\",\\"function somethingElse() {\\\\n  throw new Error(\\\\\\"somethign else\\\\\\");\\\\n}\\\\n\\",\\"\\\\n// Hello world\\\\n\\\\nfunction fourth(){\\\\n  throw new Error('fourth');\\\\n}\\\\n\\",\\"function third(){\\\\n  throw new Error(\\\\\\"oh no\\\\\\");\\\\n}\\\\n\\"]}",
  },
  "no-upstream-sourcemap.js": "function meaningOfLife(){throw new Error(42)}function boom(){throw new Error(\\"boom\\")}function somethingElse(){throw new Error(\\"somethign else\\")}function fourth(){throw new Error(\\"fourth\\")}function third(){throw new Error(\\"oh no\\")}
//# sourceMappingURL=no-upstream-sourcemap.js.map",
  "no-upstream-sourcemap.js.map": "{\\"version\\":3,\\"sources\\":[\\"no-upstream-sourcemap.js\\"],\\"names\\":[\\"meaningOfLife\\",\\"Error\\",\\"boom\\",\\"somethingElse\\",\\"fourth\\",\\"third\\"],\\"mappings\\":\\"AACA,SAASA,gBAEP,MAAM,IAAIC,MADa,IAIzB,SAASC,OACP,MAAM,IAAID,MAAM,QAGlB,SAASE,gBACP,MAAM,IAAIF,MAAM,kBAMlB,SAASG,SACP,MAAM,IAAIH,MAAM,UAGlB,SAASI,QACP,MAAM,IAAIJ,MAAM\\",\\"file\\":\\"no-upstream-sourcemap.js\\"}",
  "something.css": "#id {
    background: white;
}",
  "with-broken-sourcemap.js": "function meaningOfLife(){throw new Error(42)}
//# sourceMappingURL=with-broken-sourcemap.js.map",
  "with-broken-sourcemap.js.map": "{\\"version\\":3,\\"sources\\":[\\"with-broken-sourcemap.js\\"],\\"names\\":[\\"meaningOfLife\\",\\"Error\\"],\\"mappings\\":\\"AAAA,SAASA,gBAEP,MAAM,IAAIC,MADa\\",\\"file\\":\\"with-broken-sourcemap.js\\"}",
  "with-sourcemap-like-string.js": "function createURL(e,n,a){var i=void 0===n?null:n,t=decodeBase64(e,void 0!==a&&a),c=t.indexOf(\\"\\\\n\\",10)+1,r=t.substring(c)+(i?\\"//# sourceMappingURL=\\"+i:\\"\\"),o=new Blob([r],{type:\\"application/javascript\\"});return URL.createObjectURL(o)}function createURL2(e,n,a){var i=void 0===n?null:n,t=decodeBase64(e,void 0!==a&&a),c=t.indexOf(\\"\\\\n\\",10)+1,r=t.substring(c)+(i?\\"//# sourceMappingURL=\\"+i:\\"\\"),o=new Blob([r],{type:\\"application/javascript\\"});return URL.createObjectURL(o)}
//# sourceMappingURL=with-sourcemap-like-string.js.map",
  "with-sourcemap-like-string.js.map": "{\\"version\\":3,\\"sources\\":[\\"with-sourcemap-like-string.js\\"],\\"names\\":[\\"createURL\\",\\"base64\\",\\"sourcemapArg\\",\\"enableUnicodeArg\\",\\"sourcemap\\",\\"undefined\\",\\"source\\",\\"decodeBase64\\",\\"start\\",\\"indexOf\\",\\"body\\",\\"substring\\",\\"blob\\",\\"Blob\\",\\"type\\",\\"URL\\",\\"createObjectURL\\",\\"createURL2\\"],\\"mappings\\":\\"AAAA,SAASA,UAAUC,EAAQC,EAAcC,GACrC,IAAIC,OAA6BC,IAAjBH,EAA6B,KAAOA,EAEhDI,EAASC,aAAaN,OADeI,IAArBF,GAAyCA,GAEzDK,EAAQF,EAAOG,QAAQ,KAAM,IAAM,EACnCC,EAAOJ,EAAOK,UAAUH,IAAUJ,EAAY,wBAA4BA,EAAY,IACtFQ,EAAO,IAAIC,KAAK,CAACH,GAAO,CAAEI,KAAM,2BACpC,OAAOC,IAAIC,gBAAgBJ,GAG/B,SAASK,WAAWhB,EAAQC,EAAcC,GACtC,IAAIC,OAA6BC,IAAjBH,EAA6B,KAAOA,EAEhDI,EAASC,aAAaN,OADeI,IAArBF,GAAyCA,GAEzDK,EAAQF,EAAOG,QAAQ,KAAM,IAAM,EACnCC,EAAOJ,EAAOK,UAAUH,IAAUJ,EAAY,wBAA0BA,EAAY,IACpFQ,EAAO,IAAIC,KAAK,CAACH,GAAO,CAAEI,KAAM,2BACpC,OAAOC,IAAIC,gBAAgBJ\\",\\"file\\":\\"with-sourcemap-like-string.js\\"}",
}
`;

exports[`broccoli-terser-sourcemap can handle ES6 code 1`] = `
Object {
  "es6.js": "class Foo{bar(){console.log(this.baz)}}let{bar:bar}=Foo.prototype;
//# sourceMappingURL=es6.js.map",
  "es6.js.map": "{\\"version\\":3,\\"sources\\":[\\"es6.js\\"],\\"names\\":[\\"Foo\\",\\"[object Object]\\",\\"console\\",\\"log\\",\\"this\\",\\"baz\\",\\"bar\\",\\"prototype\\"],\\"mappings\\":\\"AAAA,MAAMA,IACJC,MACEC,QAAQC,IAAIC,KAAKC,MAIrB,IAAIC,IAAEA,KAAQN,IAAIO\\",\\"file\\":\\"es6.js\\"}",
}
`;

exports[`broccoli-terser-sourcemap generates expected output 1`] = `
Object {
  "inside": Object {
    "with-upstream-sourcemap.js": "function meaningOfLife(){throw new Error(42)}function boom(){throw new Error(\\"boom\\")}function somethingElse(){throw new Error(\\"somethign else\\")}function fourth(){throw new Error(\\"fourth\\")}function third(){throw new Error(\\"oh no\\")}
//# sourceMappingURL=with-upstream-sourcemap.js.map",
    "with-upstream-sourcemap.js.map": "{\\"version\\":3,\\"sources\\":[\\"/inner/first.js\\",\\"/inner/second.js\\",\\"/other/fourth.js\\",\\"/other/third.js\\"],\\"names\\":[\\"meaningOfLife\\",\\"Error\\",\\"boom\\",\\"somethingElse\\",\\"fourth\\",\\"third\\"],\\"mappings\\":\\"AAAA,SAAAA,gBAEA,MAAA,IAAAC,MADA,IAIA,SAAAC,OACA,MAAA,IAAAD,MAAA,QCNA,SAAAE,gBACA,MAAA,IAAAF,MAAA,kBCEA,SAAAG,SACA,MAAA,IAAAH,MAAA,UCJA,SAAAI,QACA,MAAA,IAAAJ,MAAA\\",\\"file\\":\\"with-upstream-sourcemap.js\\",\\"sourcesContent\\":[\\"function meaningOfLife() {\\\\n  var thisIsALongLocal = 42;\\\\n  throw new Error(thisIsALongLocal);\\\\n}\\\\n\\\\nfunction boom() {\\\\n  throw new Error('boom');\\\\n}\\\\n\\",\\"function somethingElse() {\\\\n  throw new Error(\\\\\\"somethign else\\\\\\");\\\\n}\\\\n\\",\\"\\\\n// Hello world\\\\n\\\\nfunction fourth(){\\\\n  throw new Error('fourth');\\\\n}\\\\n\\",\\"function third(){\\\\n  throw new Error(\\\\\\"oh no\\\\\\");\\\\n}\\\\n\\"]}",
  },
  "mjs": Object {
    "index.mjs": "const MJS_I_GUESS=\\"ok\\";export default\\"ok\\";
//# sourceMappingURL=index.mjs.map",
    "index.mjs.map": "{\\"version\\":3,\\"sources\\":[\\"mjs/index.mjs\\"],\\"names\\":[\\"MJS_I_GUESS\\"],\\"mappings\\":\\"AAAA,MAAMA,YAAc,mBAAA\\",\\"file\\":\\"index.mjs\\"}",
  },
  "multi": Object {
    "with-multi-sourcemap.js": "function meaningOfLife(){throw new Error(42)}function boom(){throw new Error(\\"boom\\")}function somethingElse(){throw new Error(\\"somethign else\\")}function fourth(){throw new Error(\\"fourth\\")}function third(){throw new Error(\\"oh no\\")}
//# sourceMappingURL=with-multi-sourcemap.js.map",
    "with-multi-sourcemap.js.map": "{\\"version\\":3,\\"sources\\":[\\"/inner/first.js\\",\\"/inner/second.js\\",\\"/other/fourth.js\\",\\"/other/third.js\\"],\\"names\\":[\\"meaningOfLife\\",\\"Error\\",\\"boom\\",\\"somethingElse\\",\\"fourth\\",\\"third\\"],\\"mappings\\":\\"AAAA,SAAAA,gBAEA,MAAA,IAAAC,MADA,IAIA,SAAAC,OACA,MAAA,IAAAD,MAAA,QCNA,SAAAE,gBACA,MAAA,IAAAF,MAAA,kBCEA,SAAAG,SACA,MAAA,IAAAH,MAAA,UCJA,SAAAI,QACA,MAAA,IAAAJ,MAAA\\",\\"file\\":\\"with-multi-sourcemap.js\\",\\"sourcesContent\\":[\\"function meaningOfLife() {\\\\n  var thisIsALongLocal = 42;\\\\n  throw new Error(thisIsALongLocal);\\\\n}\\\\n\\\\nfunction boom() {\\\\n  throw new Error('boom');\\\\n}\\\\n\\",\\"function somethingElse() {\\\\n  throw new Error(\\\\\\"somethign else\\\\\\");\\\\n}\\\\n\\",\\"\\\\n// Hello world\\\\n\\\\nfunction fourth(){\\\\n  throw new Error('fourth');\\\\n}\\\\n\\",\\"function third(){\\\\n  throw new Error(\\\\\\"oh no\\\\\\");\\\\n}\\\\n\\"]}",
  },
  "no-upstream-sourcemap.js": "function meaningOfLife(){throw new Error(42)}function boom(){throw new Error(\\"boom\\")}function somethingElse(){throw new Error(\\"somethign else\\")}function fourth(){throw new Error(\\"fourth\\")}function third(){throw new Error(\\"oh no\\")}
//# sourceMappingURL=no-upstream-sourcemap.js.map",
  "no-upstream-sourcemap.js.map": "{\\"version\\":3,\\"sources\\":[\\"no-upstream-sourcemap.js\\"],\\"names\\":[\\"meaningOfLife\\",\\"Error\\",\\"boom\\",\\"somethingElse\\",\\"fourth\\",\\"third\\"],\\"mappings\\":\\"AACA,SAASA,gBAEP,MAAM,IAAIC,MADa,IAIzB,SAASC,OACP,MAAM,IAAID,MAAM,QAGlB,SAASE,gBACP,MAAM,IAAIF,MAAM,kBAMlB,SAASG,SACP,MAAM,IAAIH,MAAM,UAGlB,SAASI,QACP,MAAM,IAAIJ,MAAM\\",\\"file\\":\\"no-upstream-sourcemap.js\\"}",
  "something.css": "#id {
    background: white;
}",
  "with-broken-sourcemap.js": "function meaningOfLife(){throw new Error(42)}
//# sourceMappingURL=with-broken-sourcemap.js.map",
  "with-broken-sourcemap.js.map": "{\\"version\\":3,\\"sources\\":[\\"with-broken-sourcemap.js\\"],\\"names\\":[\\"meaningOfLife\\",\\"Error\\"],\\"mappings\\":\\"AAAA,SAASA,gBAEP,MAAM,IAAIC,MADa\\",\\"file\\":\\"with-broken-sourcemap.js\\"}",
  "with-sourcemap-like-string.js": "function createURL(e,n,a){var i=void 0===n?null:n,t=decodeBase64(e,void 0!==a&&a),c=t.indexOf(\\"\\\\n\\",10)+1,r=t.substring(c)+(i?\\"//# sourceMappingURL=\\"+i:\\"\\"),o=new Blob([r],{type:\\"application/javascript\\"});return URL.createObjectURL(o)}function createURL2(e,n,a){var i=void 0===n?null:n,t=decodeBase64(e,void 0!==a&&a),c=t.indexOf(\\"\\\\n\\",10)+1,r=t.substring(c)+(i?\\"//# sourceMappingURL=\\"+i:\\"\\"),o=new Blob([r],{type:\\"application/javascript\\"});return URL.createObjectURL(o)}
//# sourceMappingURL=with-sourcemap-like-string.js.map",
  "with-sourcemap-like-string.js.map": "{\\"version\\":3,\\"sources\\":[\\"with-sourcemap-like-string.js\\"],\\"names\\":[\\"createURL\\",\\"base64\\",\\"sourcemapArg\\",\\"enableUnicodeArg\\",\\"sourcemap\\",\\"undefined\\",\\"source\\",\\"decodeBase64\\",\\"start\\",\\"indexOf\\",\\"body\\",\\"substring\\",\\"blob\\",\\"Blob\\",\\"type\\",\\"URL\\",\\"createObjectURL\\",\\"createURL2\\"],\\"mappings\\":\\"AAAA,SAASA,UAAUC,EAAQC,EAAcC,GACrC,IAAIC,OAA6BC,IAAjBH,EAA6B,KAAOA,EAEhDI,EAASC,aAAaN,OADeI,IAArBF,GAAyCA,GAEzDK,EAAQF,EAAOG,QAAQ,KAAM,IAAM,EACnCC,EAAOJ,EAAOK,UAAUH,IAAUJ,EAAY,wBAA4BA,EAAY,IACtFQ,EAAO,IAAIC,KAAK,CAACH,GAAO,CAAEI,KAAM,2BACpC,OAAOC,IAAIC,gBAAgBJ,GAG/B,SAASK,WAAWhB,EAAQC,EAAcC,GACtC,IAAIC,OAA6BC,IAAjBH,EAA6B,KAAOA,EAEhDI,EAASC,aAAaN,OADeI,IAArBF,GAAyCA,GAEzDK,EAAQF,EAAOG,QAAQ,KAAM,IAAM,EACnCC,EAAOJ,EAAOK,UAAUH,IAAUJ,EAAY,wBAA0BA,EAAY,IACpFQ,EAAO,IAAIC,KAAK,CAACH,GAAO,CAAEI,KAAM,2BACpC,OAAOC,IAAIC,gBAAgBJ\\",\\"file\\":\\"with-sourcemap-like-string.js\\"}",
}
`;

exports[`broccoli-terser-sourcemap mjs can minify .mjs files 1`] = `
Object {
  "inside": Object {
    "with-upstream-sourcemap.js": "function meaningOfLife(){throw new Error(42)}function boom(){throw new Error(\\"boom\\")}function somethingElse(){throw new Error(\\"somethign else\\")}function fourth(){throw new Error(\\"fourth\\")}function third(){throw new Error(\\"oh no\\")}
//# sourceMappingURL=with-upstream-sourcemap.js.map",
    "with-upstream-sourcemap.js.map": "{\\"version\\":3,\\"sources\\":[\\"/inner/first.js\\",\\"/inner/second.js\\",\\"/other/fourth.js\\",\\"/other/third.js\\"],\\"names\\":[\\"meaningOfLife\\",\\"Error\\",\\"boom\\",\\"somethingElse\\",\\"fourth\\",\\"third\\"],\\"mappings\\":\\"AAAA,SAAAA,gBAEA,MAAA,IAAAC,MADA,IAIA,SAAAC,OACA,MAAA,IAAAD,MAAA,QCNA,SAAAE,gBACA,MAAA,IAAAF,MAAA,kBCEA,SAAAG,SACA,MAAA,IAAAH,MAAA,UCJA,SAAAI,QACA,MAAA,IAAAJ,MAAA\\",\\"file\\":\\"with-upstream-sourcemap.js\\",\\"sourcesContent\\":[\\"function meaningOfLife() {\\\\n  var thisIsALongLocal = 42;\\\\n  throw new Error(thisIsALongLocal);\\\\n}\\\\n\\\\nfunction boom() {\\\\n  throw new Error('boom');\\\\n}\\\\n\\",\\"function somethingElse() {\\\\n  throw new Error(\\\\\\"somethign else\\\\\\");\\\\n}\\\\n\\",\\"\\\\n// Hello world\\\\n\\\\nfunction fourth(){\\\\n  throw new Error('fourth');\\\\n}\\\\n\\",\\"function third(){\\\\n  throw new Error(\\\\\\"oh no\\\\\\");\\\\n}\\\\n\\"]}",
  },
  "mjs": Object {
    "index.mjs": "const MJS_I_GUESS=\\"ok\\";export default\\"ok\\";
//# sourceMappingURL=index.mjs.map",
    "index.mjs.map": "{\\"version\\":3,\\"sources\\":[\\"mjs/index.mjs\\"],\\"names\\":[\\"MJS_I_GUESS\\"],\\"mappings\\":\\"AAAA,MAAMA,YAAc,mBAAA\\",\\"file\\":\\"index.mjs\\"}",
  },
  "multi": Object {
    "with-multi-sourcemap.js": "function meaningOfLife(){throw new Error(42)}function boom(){throw new Error(\\"boom\\")}function somethingElse(){throw new Error(\\"somethign else\\")}function fourth(){throw new Error(\\"fourth\\")}function third(){throw new Error(\\"oh no\\")}
//# sourceMappingURL=with-multi-sourcemap.js.map",
    "with-multi-sourcemap.js.map": "{\\"version\\":3,\\"sources\\":[\\"/inner/first.js\\",\\"/inner/second.js\\",\\"/other/fourth.js\\",\\"/other/third.js\\"],\\"names\\":[\\"meaningOfLife\\",\\"Error\\",\\"boom\\",\\"somethingElse\\",\\"fourth\\",\\"third\\"],\\"mappings\\":\\"AAAA,SAAAA,gBAEA,MAAA,IAAAC,MADA,IAIA,SAAAC,OACA,MAAA,IAAAD,MAAA,QCNA,SAAAE,gBACA,MAAA,IAAAF,MAAA,kBCEA,SAAAG,SACA,MAAA,IAAAH,MAAA,UCJA,SAAAI,QACA,MAAA,IAAAJ,MAAA\\",\\"file\\":\\"with-multi-sourcemap.js\\",\\"sourcesContent\\":[\\"function meaningOfLife() {\\\\n  var thisIsALongLocal = 42;\\\\n  throw new Error(thisIsALongLocal);\\\\n}\\\\n\\\\nfunction boom() {\\\\n  throw new Error('boom');\\\\n}\\\\n\\",\\"function somethingElse() {\\\\n  throw new Error(\\\\\\"somethign else\\\\\\");\\\\n}\\\\n\\",\\"\\\\n// Hello world\\\\n\\\\nfunction fourth(){\\\\n  throw new Error('fourth');\\\\n}\\\\n\\",\\"function third(){\\\\n  throw new Error(\\\\\\"oh no\\\\\\");\\\\n}\\\\n\\"]}",
  },
  "no-upstream-sourcemap.js": "function meaningOfLife(){throw new Error(42)}function boom(){throw new Error(\\"boom\\")}function somethingElse(){throw new Error(\\"somethign else\\")}function fourth(){throw new Error(\\"fourth\\")}function third(){throw new Error(\\"oh no\\")}
//# sourceMappingURL=no-upstream-sourcemap.js.map",
  "no-upstream-sourcemap.js.map": "{\\"version\\":3,\\"sources\\":[\\"no-upstream-sourcemap.js\\"],\\"names\\":[\\"meaningOfLife\\",\\"Error\\",\\"boom\\",\\"somethingElse\\",\\"fourth\\",\\"third\\"],\\"mappings\\":\\"AACA,SAASA,gBAEP,MAAM,IAAIC,MADa,IAIzB,SAASC,OACP,MAAM,IAAID,MAAM,QAGlB,SAASE,gBACP,MAAM,IAAIF,MAAM,kBAMlB,SAASG,SACP,MAAM,IAAIH,MAAM,UAGlB,SAASI,QACP,MAAM,IAAIJ,MAAM\\",\\"file\\":\\"no-upstream-sourcemap.js\\"}",
  "something.css": "#id {
    background: white;
}",
  "with-broken-sourcemap.js": "function meaningOfLife(){throw new Error(42)}
//# sourceMappingURL=with-broken-sourcemap.js.map",
  "with-broken-sourcemap.js.map": "{\\"version\\":3,\\"sources\\":[\\"with-broken-sourcemap.js\\"],\\"names\\":[\\"meaningOfLife\\",\\"Error\\"],\\"mappings\\":\\"AAAA,SAASA,gBAEP,MAAM,IAAIC,MADa\\",\\"file\\":\\"with-broken-sourcemap.js\\"}",
  "with-sourcemap-like-string.js": "function createURL(e,n,a){var i=void 0===n?null:n,t=decodeBase64(e,void 0!==a&&a),c=t.indexOf(\\"\\\\n\\",10)+1,r=t.substring(c)+(i?\\"//# sourceMappingURL=\\"+i:\\"\\"),o=new Blob([r],{type:\\"application/javascript\\"});return URL.createObjectURL(o)}function createURL2(e,n,a){var i=void 0===n?null:n,t=decodeBase64(e,void 0!==a&&a),c=t.indexOf(\\"\\\\n\\",10)+1,r=t.substring(c)+(i?\\"//# sourceMappingURL=\\"+i:\\"\\"),o=new Blob([r],{type:\\"application/javascript\\"});return URL.createObjectURL(o)}
//# sourceMappingURL=with-sourcemap-like-string.js.map",
  "with-sourcemap-like-string.js.map": "{\\"version\\":3,\\"sources\\":[\\"with-sourcemap-like-string.js\\"],\\"names\\":[\\"createURL\\",\\"base64\\",\\"sourcemapArg\\",\\"enableUnicodeArg\\",\\"sourcemap\\",\\"undefined\\",\\"source\\",\\"decodeBase64\\",\\"start\\",\\"indexOf\\",\\"body\\",\\"substring\\",\\"blob\\",\\"Blob\\",\\"type\\",\\"URL\\",\\"createObjectURL\\",\\"createURL2\\"],\\"mappings\\":\\"AAAA,SAASA,UAAUC,EAAQC,EAAcC,GACrC,IAAIC,OAA6BC,IAAjBH,EAA6B,KAAOA,EAEhDI,EAASC,aAAaN,OADeI,IAArBF,GAAyCA,GAEzDK,EAAQF,EAAOG,QAAQ,KAAM,IAAM,EACnCC,EAAOJ,EAAOK,UAAUH,IAAUJ,EAAY,wBAA4BA,EAAY,IACtFQ,EAAO,IAAIC,KAAK,CAACH,GAAO,CAAEI,KAAM,2BACpC,OAAOC,IAAIC,gBAAgBJ,GAG/B,SAASK,WAAWhB,EAAQC,EAAcC,GACtC,IAAIC,OAA6BC,IAAjBH,EAA6B,KAAOA,EAEhDI,EAASC,aAAaN,OADeI,IAArBF,GAAyCA,GAEzDK,EAAQF,EAAOG,QAAQ,KAAM,IAAM,EACnCC,EAAOJ,EAAOK,UAAUH,IAAUJ,EAAY,wBAA0BA,EAAY,IACpFQ,EAAO,IAAIC,KAAK,CAACH,GAAO,CAAEI,KAAM,2BACpC,OAAOC,IAAIC,gBAAgBJ\\",\\"file\\":\\"with-sourcemap-like-string.js\\"}",
}
`;

exports[`broccoli-terser-sourcemap on error rejects with BuildError 1`] = `Object {}`;

exports[`broccoli-terser-sourcemap on error shuts down the workerpool 1`] = `Object {}`;

exports[`broccoli-terser-sourcemap shuts down the workerpool 1`] = `
Object {
  "inside": Object {
    "with-upstream-sourcemap.js": "function meaningOfLife(){throw new Error(42)}function boom(){throw new Error(\\"boom\\")}function somethingElse(){throw new Error(\\"somethign else\\")}function fourth(){throw new Error(\\"fourth\\")}function third(){throw new Error(\\"oh no\\")}
//# sourceMappingURL=with-upstream-sourcemap.js.map",
    "with-upstream-sourcemap.js.map": "{\\"version\\":3,\\"sources\\":[\\"/inner/first.js\\",\\"/inner/second.js\\",\\"/other/fourth.js\\",\\"/other/third.js\\"],\\"names\\":[\\"meaningOfLife\\",\\"Error\\",\\"boom\\",\\"somethingElse\\",\\"fourth\\",\\"third\\"],\\"mappings\\":\\"AAAA,SAAAA,gBAEA,MAAA,IAAAC,MADA,IAIA,SAAAC,OACA,MAAA,IAAAD,MAAA,QCNA,SAAAE,gBACA,MAAA,IAAAF,MAAA,kBCEA,SAAAG,SACA,MAAA,IAAAH,MAAA,UCJA,SAAAI,QACA,MAAA,IAAAJ,MAAA\\",\\"file\\":\\"with-upstream-sourcemap.js\\",\\"sourcesContent\\":[\\"function meaningOfLife() {\\\\n  var thisIsALongLocal = 42;\\\\n  throw new Error(thisIsALongLocal);\\\\n}\\\\n\\\\nfunction boom() {\\\\n  throw new Error('boom');\\\\n}\\\\n\\",\\"function somethingElse() {\\\\n  throw new Error(\\\\\\"somethign else\\\\\\");\\\\n}\\\\n\\",\\"\\\\n// Hello world\\\\n\\\\nfunction fourth(){\\\\n  throw new Error('fourth');\\\\n}\\\\n\\",\\"function third(){\\\\n  throw new Error(\\\\\\"oh no\\\\\\");\\\\n}\\\\n\\"]}",
  },
  "mjs": Object {
    "index.mjs": "const MJS_I_GUESS=\\"ok\\";export default\\"ok\\";
//# sourceMappingURL=index.mjs.map",
    "index.mjs.map": "{\\"version\\":3,\\"sources\\":[\\"mjs/index.mjs\\"],\\"names\\":[\\"MJS_I_GUESS\\"],\\"mappings\\":\\"AAAA,MAAMA,YAAc,mBAAA\\",\\"file\\":\\"index.mjs\\"}",
  },
  "multi": Object {
    "with-multi-sourcemap.js": "function meaningOfLife(){throw new Error(42)}function boom(){throw new Error(\\"boom\\")}function somethingElse(){throw new Error(\\"somethign else\\")}function fourth(){throw new Error(\\"fourth\\")}function third(){throw new Error(\\"oh no\\")}
//# sourceMappingURL=with-multi-sourcemap.js.map",
    "with-multi-sourcemap.js.map": "{\\"version\\":3,\\"sources\\":[\\"/inner/first.js\\",\\"/inner/second.js\\",\\"/other/fourth.js\\",\\"/other/third.js\\"],\\"names\\":[\\"meaningOfLife\\",\\"Error\\",\\"boom\\",\\"somethingElse\\",\\"fourth\\",\\"third\\"],\\"mappings\\":\\"AAAA,SAAAA,gBAEA,MAAA,IAAAC,MADA,IAIA,SAAAC,OACA,MAAA,IAAAD,MAAA,QCNA,SAAAE,gBACA,MAAA,IAAAF,MAAA,kBCEA,SAAAG,SACA,MAAA,IAAAH,MAAA,UCJA,SAAAI,QACA,MAAA,IAAAJ,MAAA\\",\\"file\\":\\"with-multi-sourcemap.js\\",\\"sourcesContent\\":[\\"function meaningOfLife() {\\\\n  var thisIsALongLocal = 42;\\\\n  throw new Error(thisIsALongLocal);\\\\n}\\\\n\\\\nfunction boom() {\\\\n  throw new Error('boom');\\\\n}\\\\n\\",\\"function somethingElse() {\\\\n  throw new Error(\\\\\\"somethign else\\\\\\");\\\\n}\\\\n\\",\\"\\\\n// Hello world\\\\n\\\\nfunction fourth(){\\\\n  throw new Error('fourth');\\\\n}\\\\n\\",\\"function third(){\\\\n  throw new Error(\\\\\\"oh no\\\\\\");\\\\n}\\\\n\\"]}",
  },
  "no-upstream-sourcemap.js": "function meaningOfLife(){throw new Error(42)}function boom(){throw new Error(\\"boom\\")}function somethingElse(){throw new Error(\\"somethign else\\")}function fourth(){throw new Error(\\"fourth\\")}function third(){throw new Error(\\"oh no\\")}
//# sourceMappingURL=no-upstream-sourcemap.js.map",
  "no-upstream-sourcemap.js.map": "{\\"version\\":3,\\"sources\\":[\\"no-upstream-sourcemap.js\\"],\\"names\\":[\\"meaningOfLife\\",\\"Error\\",\\"boom\\",\\"somethingElse\\",\\"fourth\\",\\"third\\"],\\"mappings\\":\\"AACA,SAASA,gBAEP,MAAM,IAAIC,MADa,IAIzB,SAASC,OACP,MAAM,IAAID,MAAM,QAGlB,SAASE,gBACP,MAAM,IAAIF,MAAM,kBAMlB,SAASG,SACP,MAAM,IAAIH,MAAM,UAGlB,SAASI,QACP,MAAM,IAAIJ,MAAM\\",\\"file\\":\\"no-upstream-sourcemap.js\\"}",
  "something.css": "#id {
    background: white;
}",
  "with-broken-sourcemap.js": "function meaningOfLife(){throw new Error(42)}
//# sourceMappingURL=with-broken-sourcemap.js.map",
  "with-broken-sourcemap.js.map": "{\\"version\\":3,\\"sources\\":[\\"with-broken-sourcemap.js\\"],\\"names\\":[\\"meaningOfLife\\",\\"Error\\"],\\"mappings\\":\\"AAAA,SAASA,gBAEP,MAAM,IAAIC,MADa\\",\\"file\\":\\"with-broken-sourcemap.js\\"}",
  "with-sourcemap-like-string.js": "function createURL(e,n,a){var i=void 0===n?null:n,t=decodeBase64(e,void 0!==a&&a),c=t.indexOf(\\"\\\\n\\",10)+1,r=t.substring(c)+(i?\\"//# sourceMappingURL=\\"+i:\\"\\"),o=new Blob([r],{type:\\"application/javascript\\"});return URL.createObjectURL(o)}function createURL2(e,n,a){var i=void 0===n?null:n,t=decodeBase64(e,void 0!==a&&a),c=t.indexOf(\\"\\\\n\\",10)+1,r=t.substring(c)+(i?\\"//# sourceMappingURL=\\"+i:\\"\\"),o=new Blob([r],{type:\\"application/javascript\\"});return URL.createObjectURL(o)}
//# sourceMappingURL=with-sourcemap-like-string.js.map",
  "with-sourcemap-like-string.js.map": "{\\"version\\":3,\\"sources\\":[\\"with-sourcemap-like-string.js\\"],\\"names\\":[\\"createURL\\",\\"base64\\",\\"sourcemapArg\\",\\"enableUnicodeArg\\",\\"sourcemap\\",\\"undefined\\",\\"source\\",\\"decodeBase64\\",\\"start\\",\\"indexOf\\",\\"body\\",\\"substring\\",\\"blob\\",\\"Blob\\",\\"type\\",\\"URL\\",\\"createObjectURL\\",\\"createURL2\\"],\\"mappings\\":\\"AAAA,SAASA,UAAUC,EAAQC,EAAcC,GACrC,IAAIC,OAA6BC,IAAjBH,EAA6B,KAAOA,EAEhDI,EAASC,aAAaN,OADeI,IAArBF,GAAyCA,GAEzDK,EAAQF,EAAOG,QAAQ,KAAM,IAAM,EACnCC,EAAOJ,EAAOK,UAAUH,IAAUJ,EAAY,wBAA4BA,EAAY,IACtFQ,EAAO,IAAIC,KAAK,CAACH,GAAO,CAAEI,KAAM,2BACpC,OAAOC,IAAIC,gBAAgBJ,GAG/B,SAASK,WAAWhB,EAAQC,EAAcC,GACtC,IAAIC,OAA6BC,IAAjBH,EAA6B,KAAOA,EAEhDI,EAASC,aAAaN,OADeI,IAArBF,GAAyCA,GAEzDK,EAAQF,EAAOG,QAAQ,KAAM,IAAM,EACnCC,EAAOJ,EAAOK,UAAUH,IAAUJ,EAAY,wBAA0BA,EAAY,IACpFQ,EAAO,IAAIC,KAAK,CAACH,GAAO,CAAEI,KAAM,2BACpC,OAAOC,IAAIC,gBAAgBJ\\",\\"file\\":\\"with-sourcemap-like-string.js\\"}",
}
`;

exports[`broccoli-terser-sourcemap supports alternate sourcemap location 1`] = `
Object {
  "inside": Object {
    "with-upstream-sourcemap.js": "function meaningOfLife(){throw new Error(42)}function boom(){throw new Error(\\"boom\\")}function somethingElse(){throw new Error(\\"somethign else\\")}function fourth(){throw new Error(\\"fourth\\")}function third(){throw new Error(\\"oh no\\")}
//# sourceMappingURL=/maps/with-upstream-sourcemap.js.map",
  },
  "maps": Object {
    "index.mjs.map": "{\\"version\\":3,\\"sources\\":[\\"mjs/index.mjs\\"],\\"names\\":[\\"MJS_I_GUESS\\"],\\"mappings\\":\\"AAAA,MAAMA,YAAc,mBAAA\\",\\"file\\":\\"index.mjs\\"}",
    "no-upstream-sourcemap.js.map": "{\\"version\\":3,\\"sources\\":[\\"no-upstream-sourcemap.js\\"],\\"names\\":[\\"meaningOfLife\\",\\"Error\\",\\"boom\\",\\"somethingElse\\",\\"fourth\\",\\"third\\"],\\"mappings\\":\\"AACA,SAASA,gBAEP,MAAM,IAAIC,MADa,IAIzB,SAASC,OACP,MAAM,IAAID,MAAM,QAGlB,SAASE,gBACP,MAAM,IAAIF,MAAM,kBAMlB,SAASG,SACP,MAAM,IAAIH,MAAM,UAGlB,SAASI,QACP,MAAM,IAAIJ,MAAM\\",\\"file\\":\\"no-upstream-sourcemap.js\\"}",
    "with-broken-sourcemap.js.map": "{\\"version\\":3,\\"sources\\":[\\"with-broken-sourcemap.js\\"],\\"names\\":[\\"meaningOfLife\\",\\"Error\\"],\\"mappings\\":\\"AAAA,SAASA,gBAEP,MAAM,IAAIC,MADa\\",\\"file\\":\\"with-broken-sourcemap.js\\"}",
    "with-multi-sourcemap.js.map": "{\\"version\\":3,\\"sources\\":[\\"/inner/first.js\\",\\"/inner/second.js\\",\\"/other/fourth.js\\",\\"/other/third.js\\"],\\"names\\":[\\"meaningOfLife\\",\\"Error\\",\\"boom\\",\\"somethingElse\\",\\"fourth\\",\\"third\\"],\\"mappings\\":\\"AAAA,SAAAA,gBAEA,MAAA,IAAAC,MADA,IAIA,SAAAC,OACA,MAAA,IAAAD,MAAA,QCNA,SAAAE,gBACA,MAAA,IAAAF,MAAA,kBCEA,SAAAG,SACA,MAAA,IAAAH,MAAA,UCJA,SAAAI,QACA,MAAA,IAAAJ,MAAA\\",\\"file\\":\\"with-multi-sourcemap.js\\",\\"sourcesContent\\":[\\"function meaningOfLife() {\\\\n  var thisIsALongLocal = 42;\\\\n  throw new Error(thisIsALongLocal);\\\\n}\\\\n\\\\nfunction boom() {\\\\n  throw new Error('boom');\\\\n}\\\\n\\",\\"function somethingElse() {\\\\n  throw new Error(\\\\\\"somethign else\\\\\\");\\\\n}\\\\n\\",\\"\\\\n// Hello world\\\\n\\\\nfunction fourth(){\\\\n  throw new Error('fourth');\\\\n}\\\\n\\",\\"function third(){\\\\n  throw new Error(\\\\\\"oh no\\\\\\");\\\\n}\\\\n\\"]}",
    "with-sourcemap-like-string.js.map": "{\\"version\\":3,\\"sources\\":[\\"with-sourcemap-like-string.js\\"],\\"names\\":[\\"createURL\\",\\"base64\\",\\"sourcemapArg\\",\\"enableUnicodeArg\\",\\"sourcemap\\",\\"undefined\\",\\"source\\",\\"decodeBase64\\",\\"start\\",\\"indexOf\\",\\"body\\",\\"substring\\",\\"blob\\",\\"Blob\\",\\"type\\",\\"URL\\",\\"createObjectURL\\",\\"createURL2\\"],\\"mappings\\":\\"AAAA,SAASA,UAAUC,EAAQC,EAAcC,GACrC,IAAIC,OAA6BC,IAAjBH,EAA6B,KAAOA,EAEhDI,EAASC,aAAaN,OADeI,IAArBF,GAAyCA,GAEzDK,EAAQF,EAAOG,QAAQ,KAAM,IAAM,EACnCC,EAAOJ,EAAOK,UAAUH,IAAUJ,EAAY,wBAA4BA,EAAY,IACtFQ,EAAO,IAAIC,KAAK,CAACH,GAAO,CAAEI,KAAM,2BACpC,OAAOC,IAAIC,gBAAgBJ,GAG/B,SAASK,WAAWhB,EAAQC,EAAcC,GACtC,IAAIC,OAA6BC,IAAjBH,EAA6B,KAAOA,EAEhDI,EAASC,aAAaN,OADeI,IAArBF,GAAyCA,GAEzDK,EAAQF,EAAOG,QAAQ,KAAM,IAAM,EACnCC,EAAOJ,EAAOK,UAAUH,IAAUJ,EAAY,wBAA0BA,EAAY,IACpFQ,EAAO,IAAIC,KAAK,CAACH,GAAO,CAAEI,KAAM,2BACpC,OAAOC,IAAIC,gBAAgBJ\\",\\"file\\":\\"with-sourcemap-like-string.js\\"}",
    "with-upstream-sourcemap.js.map": "{\\"version\\":3,\\"sources\\":[\\"/inner/first.js\\",\\"/inner/second.js\\",\\"/other/fourth.js\\",\\"/other/third.js\\"],\\"names\\":[\\"meaningOfLife\\",\\"Error\\",\\"boom\\",\\"somethingElse\\",\\"fourth\\",\\"third\\"],\\"mappings\\":\\"AAAA,SAAAA,gBAEA,MAAA,IAAAC,MADA,IAIA,SAAAC,OACA,MAAA,IAAAD,MAAA,QCNA,SAAAE,gBACA,MAAA,IAAAF,MAAA,kBCEA,SAAAG,SACA,MAAA,IAAAH,MAAA,UCJA,SAAAI,QACA,MAAA,IAAAJ,MAAA\\",\\"file\\":\\"with-upstream-sourcemap.js\\",\\"sourcesContent\\":[\\"function meaningOfLife() {\\\\n  var thisIsALongLocal = 42;\\\\n  throw new Error(thisIsALongLocal);\\\\n}\\\\n\\\\nfunction boom() {\\\\n  throw new Error('boom');\\\\n}\\\\n\\",\\"function somethingElse() {\\\\n  throw new Error(\\\\\\"somethign else\\\\\\");\\\\n}\\\\n\\",\\"\\\\n// Hello world\\\\n\\\\nfunction fourth(){\\\\n  throw new Error('fourth');\\\\n}\\\\n\\",\\"function third(){\\\\n  throw new Error(\\\\\\"oh no\\\\\\");\\\\n}\\\\n\\"]}",
  },
  "mjs": Object {
    "index.mjs": "const MJS_I_GUESS=\\"ok\\";export default\\"ok\\";
//# sourceMappingURL=/maps/index.mjs.map",
  },
  "multi": Object {
    "with-multi-sourcemap.js": "function meaningOfLife(){throw new Error(42)}function boom(){throw new Error(\\"boom\\")}function somethingElse(){throw new Error(\\"somethign else\\")}function fourth(){throw new Error(\\"fourth\\")}function third(){throw new Error(\\"oh no\\")}
//# sourceMappingURL=/maps/with-multi-sourcemap.js.map",
  },
  "no-upstream-sourcemap.js": "function meaningOfLife(){throw new Error(42)}function boom(){throw new Error(\\"boom\\")}function somethingElse(){throw new Error(\\"somethign else\\")}function fourth(){throw new Error(\\"fourth\\")}function third(){throw new Error(\\"oh no\\")}
//# sourceMappingURL=/maps/no-upstream-sourcemap.js.map",
  "something.css": "#id {
    background: white;
}",
  "with-broken-sourcemap.js": "function meaningOfLife(){throw new Error(42)}
//# sourceMappingURL=/maps/with-broken-sourcemap.js.map",
  "with-sourcemap-like-string.js": "function createURL(e,n,a){var i=void 0===n?null:n,t=decodeBase64(e,void 0!==a&&a),c=t.indexOf(\\"\\\\n\\",10)+1,r=t.substring(c)+(i?\\"//# sourceMappingURL=\\"+i:\\"\\"),o=new Blob([r],{type:\\"application/javascript\\"});return URL.createObjectURL(o)}function createURL2(e,n,a){var i=void 0===n?null:n,t=decodeBase64(e,void 0!==a&&a),c=t.indexOf(\\"\\\\n\\",10)+1,r=t.substring(c)+(i?\\"//# sourceMappingURL=\\"+i:\\"\\"),o=new Blob([r],{type:\\"application/javascript\\"});return URL.createObjectURL(o)}
//# sourceMappingURL=/maps/with-sourcemap-like-string.js.map",
}
`;

exports[`broccoli-terser-sourcemap supports hidden sourcemaps 1`] = `
Object {
  "inside": Object {
    "with-upstream-sourcemap.js": "function meaningOfLife(){throw new Error(42)}function boom(){throw new Error(\\"boom\\")}function somethingElse(){throw new Error(\\"somethign else\\")}function fourth(){throw new Error(\\"fourth\\")}function third(){throw new Error(\\"oh no\\")}",
    "with-upstream-sourcemap.js.map": "{\\"version\\":3,\\"sources\\":[\\"/inner/first.js\\",\\"/inner/second.js\\",\\"/other/fourth.js\\",\\"/other/third.js\\"],\\"names\\":[\\"meaningOfLife\\",\\"Error\\",\\"boom\\",\\"somethingElse\\",\\"fourth\\",\\"third\\"],\\"mappings\\":\\"AAAA,SAAAA,gBAEA,MAAA,IAAAC,MADA,IAIA,SAAAC,OACA,MAAA,IAAAD,MAAA,QCNA,SAAAE,gBACA,MAAA,IAAAF,MAAA,kBCEA,SAAAG,SACA,MAAA,IAAAH,MAAA,UCJA,SAAAI,QACA,MAAA,IAAAJ,MAAA\\",\\"file\\":\\"with-upstream-sourcemap.js\\",\\"sourcesContent\\":[\\"function meaningOfLife() {\\\\n  var thisIsALongLocal = 42;\\\\n  throw new Error(thisIsALongLocal);\\\\n}\\\\n\\\\nfunction boom() {\\\\n  throw new Error('boom');\\\\n}\\\\n\\",\\"function somethingElse() {\\\\n  throw new Error(\\\\\\"somethign else\\\\\\");\\\\n}\\\\n\\",\\"\\\\n// Hello world\\\\n\\\\nfunction fourth(){\\\\n  throw new Error('fourth');\\\\n}\\\\n\\",\\"function third(){\\\\n  throw new Error(\\\\\\"oh no\\\\\\");\\\\n}\\\\n\\"]}",
  },
  "mjs": Object {
    "index.mjs": "const MJS_I_GUESS=\\"ok\\";export default\\"ok\\";",
    "index.mjs.map": "{\\"version\\":3,\\"sources\\":[\\"mjs/index.mjs\\"],\\"names\\":[\\"MJS_I_GUESS\\"],\\"mappings\\":\\"AAAA,MAAMA,YAAc,mBAAA\\",\\"file\\":\\"index.mjs\\"}",
  },
  "multi": Object {
    "with-multi-sourcemap.js": "function meaningOfLife(){throw new Error(42)}function boom(){throw new Error(\\"boom\\")}function somethingElse(){throw new Error(\\"somethign else\\")}function fourth(){throw new Error(\\"fourth\\")}function third(){throw new Error(\\"oh no\\")}",
    "with-multi-sourcemap.js.map": "{\\"version\\":3,\\"sources\\":[\\"/inner/first.js\\",\\"/inner/second.js\\",\\"/other/fourth.js\\",\\"/other/third.js\\"],\\"names\\":[\\"meaningOfLife\\",\\"Error\\",\\"boom\\",\\"somethingElse\\",\\"fourth\\",\\"third\\"],\\"mappings\\":\\"AAAA,SAAAA,gBAEA,MAAA,IAAAC,MADA,IAIA,SAAAC,OACA,MAAA,IAAAD,MAAA,QCNA,SAAAE,gBACA,MAAA,IAAAF,MAAA,kBCEA,SAAAG,SACA,MAAA,IAAAH,MAAA,UCJA,SAAAI,QACA,MAAA,IAAAJ,MAAA\\",\\"file\\":\\"with-multi-sourcemap.js\\",\\"sourcesContent\\":[\\"function meaningOfLife() {\\\\n  var thisIsALongLocal = 42;\\\\n  throw new Error(thisIsALongLocal);\\\\n}\\\\n\\\\nfunction boom() {\\\\n  throw new Error('boom');\\\\n}\\\\n\\",\\"function somethingElse() {\\\\n  throw new Error(\\\\\\"somethign else\\\\\\");\\\\n}\\\\n\\",\\"\\\\n// Hello world\\\\n\\\\nfunction fourth(){\\\\n  throw new Error('fourth');\\\\n}\\\\n\\",\\"function third(){\\\\n  throw new Error(\\\\\\"oh no\\\\\\");\\\\n}\\\\n\\"]}",
  },
  "no-upstream-sourcemap.js": "function meaningOfLife(){throw new Error(42)}function boom(){throw new Error(\\"boom\\")}function somethingElse(){throw new Error(\\"somethign else\\")}function fourth(){throw new Error(\\"fourth\\")}function third(){throw new Error(\\"oh no\\")}",
  "no-upstream-sourcemap.js.map": "{\\"version\\":3,\\"sources\\":[\\"no-upstream-sourcemap.js\\"],\\"names\\":[\\"meaningOfLife\\",\\"Error\\",\\"boom\\",\\"somethingElse\\",\\"fourth\\",\\"third\\"],\\"mappings\\":\\"AACA,SAASA,gBAEP,MAAM,IAAIC,MADa,IAIzB,SAASC,OACP,MAAM,IAAID,MAAM,QAGlB,SAASE,gBACP,MAAM,IAAIF,MAAM,kBAMlB,SAASG,SACP,MAAM,IAAIH,MAAM,UAGlB,SAASI,QACP,MAAM,IAAIJ,MAAM\\",\\"file\\":\\"no-upstream-sourcemap.js\\"}",
  "something.css": "#id {
    background: white;
}",
  "with-broken-sourcemap.js": "function meaningOfLife(){throw new Error(42)}",
  "with-broken-sourcemap.js.map": "{\\"version\\":3,\\"sources\\":[\\"with-broken-sourcemap.js\\"],\\"names\\":[\\"meaningOfLife\\",\\"Error\\"],\\"mappings\\":\\"AAAA,SAASA,gBAEP,MAAM,IAAIC,MADa\\",\\"file\\":\\"with-broken-sourcemap.js\\"}",
  "with-sourcemap-like-string.js": "function createURL(e,n,a){var i=void 0===n?null:n,t=decodeBase64(e,void 0!==a&&a),c=t.indexOf(\\"\\\\n\\",10)+1,r=t.substring(c)+(i?\\"//# sourceMappingURL=\\"+i:\\"\\"),o=new Blob([r],{type:\\"application/javascript\\"});return URL.createObjectURL(o)}function createURL2(e,n,a){var i=void 0===n?null:n,t=decodeBase64(e,void 0!==a&&a),c=t.indexOf(\\"\\\\n\\",10)+1,r=t.substring(c)+(i?\\"//# sourceMappingURL=\\"+i:\\"\\"),o=new Blob([r],{type:\\"application/javascript\\"});return URL.createObjectURL(o)}",
  "with-sourcemap-like-string.js.map": "{\\"version\\":3,\\"sources\\":[\\"with-sourcemap-like-string.js\\"],\\"names\\":[\\"createURL\\",\\"base64\\",\\"sourcemapArg\\",\\"enableUnicodeArg\\",\\"sourcemap\\",\\"undefined\\",\\"source\\",\\"decodeBase64\\",\\"start\\",\\"indexOf\\",\\"body\\",\\"substring\\",\\"blob\\",\\"Blob\\",\\"type\\",\\"URL\\",\\"createObjectURL\\",\\"createURL2\\"],\\"mappings\\":\\"AAAA,SAASA,UAAUC,EAAQC,EAAcC,GACrC,IAAIC,OAA6BC,IAAjBH,EAA6B,KAAOA,EAEhDI,EAASC,aAAaN,OADeI,IAArBF,GAAyCA,GAEzDK,EAAQF,EAAOG,QAAQ,KAAM,IAAM,EACnCC,EAAOJ,EAAOK,UAAUH,IAAUJ,EAAY,wBAA4BA,EAAY,IACtFQ,EAAO,IAAIC,KAAK,CAACH,GAAO,CAAEI,KAAM,2BACpC,OAAOC,IAAIC,gBAAgBJ,GAG/B,SAASK,WAAWhB,EAAQC,EAAcC,GACtC,IAAIC,OAA6BC,IAAjBH,EAA6B,KAAOA,EAEhDI,EAASC,aAAaN,OADeI,IAArBF,GAAyCA,GAEzDK,EAAQF,EAAOG,QAAQ,KAAM,IAAM,EACnCC,EAAOJ,EAAOK,UAAUH,IAAUJ,EAAY,wBAA0BA,EAAY,IACpFQ,EAAO,IAAIC,KAAK,CAACH,GAAO,CAAEI,KAAM,2BACpC,OAAOC,IAAIC,gBAAgBJ\\",\\"file\\":\\"with-sourcemap-like-string.js\\"}",
}
`;

exports[`broccoli-terser-sourcemap supports public URL for sourcemaps 1`] = `
Object {
  "inside": Object {
    "with-upstream-sourcemap.js": "function meaningOfLife(){throw new Error(42)}function boom(){throw new Error(\\"boom\\")}function somethingElse(){throw new Error(\\"somethign else\\")}function fourth(){throw new Error(\\"fourth\\")}function third(){throw new Error(\\"oh no\\")}
//# sourceMappingURL=https://example.com/with-upstream-sourcemap.js.map",
    "with-upstream-sourcemap.js.map": "{\\"version\\":3,\\"sources\\":[\\"/inner/first.js\\",\\"/inner/second.js\\",\\"/other/fourth.js\\",\\"/other/third.js\\"],\\"names\\":[\\"meaningOfLife\\",\\"Error\\",\\"boom\\",\\"somethingElse\\",\\"fourth\\",\\"third\\"],\\"mappings\\":\\"AAAA,SAAAA,gBAEA,MAAA,IAAAC,MADA,IAIA,SAAAC,OACA,MAAA,IAAAD,MAAA,QCNA,SAAAE,gBACA,MAAA,IAAAF,MAAA,kBCEA,SAAAG,SACA,MAAA,IAAAH,MAAA,UCJA,SAAAI,QACA,MAAA,IAAAJ,MAAA\\",\\"file\\":\\"with-upstream-sourcemap.js\\",\\"sourcesContent\\":[\\"function meaningOfLife() {\\\\n  var thisIsALongLocal = 42;\\\\n  throw new Error(thisIsALongLocal);\\\\n}\\\\n\\\\nfunction boom() {\\\\n  throw new Error('boom');\\\\n}\\\\n\\",\\"function somethingElse() {\\\\n  throw new Error(\\\\\\"somethign else\\\\\\");\\\\n}\\\\n\\",\\"\\\\n// Hello world\\\\n\\\\nfunction fourth(){\\\\n  throw new Error('fourth');\\\\n}\\\\n\\",\\"function third(){\\\\n  throw new Error(\\\\\\"oh no\\\\\\");\\\\n}\\\\n\\"]}",
  },
  "mjs": Object {
    "index.mjs": "const MJS_I_GUESS=\\"ok\\";export default\\"ok\\";
//# sourceMappingURL=https://example.com/index.mjs.map",
    "index.mjs.map": "{\\"version\\":3,\\"sources\\":[\\"mjs/index.mjs\\"],\\"names\\":[\\"MJS_I_GUESS\\"],\\"mappings\\":\\"AAAA,MAAMA,YAAc,mBAAA\\",\\"file\\":\\"index.mjs\\"}",
  },
  "multi": Object {
    "with-multi-sourcemap.js": "function meaningOfLife(){throw new Error(42)}function boom(){throw new Error(\\"boom\\")}function somethingElse(){throw new Error(\\"somethign else\\")}function fourth(){throw new Error(\\"fourth\\")}function third(){throw new Error(\\"oh no\\")}
//# sourceMappingURL=https://example.com/with-multi-sourcemap.js.map",
    "with-multi-sourcemap.js.map": "{\\"version\\":3,\\"sources\\":[\\"/inner/first.js\\",\\"/inner/second.js\\",\\"/other/fourth.js\\",\\"/other/third.js\\"],\\"names\\":[\\"meaningOfLife\\",\\"Error\\",\\"boom\\",\\"somethingElse\\",\\"fourth\\",\\"third\\"],\\"mappings\\":\\"AAAA,SAAAA,gBAEA,MAAA,IAAAC,MADA,IAIA,SAAAC,OACA,MAAA,IAAAD,MAAA,QCNA,SAAAE,gBACA,MAAA,IAAAF,MAAA,kBCEA,SAAAG,SACA,MAAA,IAAAH,MAAA,UCJA,SAAAI,QACA,MAAA,IAAAJ,MAAA\\",\\"file\\":\\"with-multi-sourcemap.js\\",\\"sourcesContent\\":[\\"function meaningOfLife() {\\\\n  var thisIsALongLocal = 42;\\\\n  throw new Error(thisIsALongLocal);\\\\n}\\\\n\\\\nfunction boom() {\\\\n  throw new Error('boom');\\\\n}\\\\n\\",\\"function somethingElse() {\\\\n  throw new Error(\\\\\\"somethign else\\\\\\");\\\\n}\\\\n\\",\\"\\\\n// Hello world\\\\n\\\\nfunction fourth(){\\\\n  throw new Error('fourth');\\\\n}\\\\n\\",\\"function third(){\\\\n  throw new Error(\\\\\\"oh no\\\\\\");\\\\n}\\\\n\\"]}",
  },
  "no-upstream-sourcemap.js": "function meaningOfLife(){throw new Error(42)}function boom(){throw new Error(\\"boom\\")}function somethingElse(){throw new Error(\\"somethign else\\")}function fourth(){throw new Error(\\"fourth\\")}function third(){throw new Error(\\"oh no\\")}
//# sourceMappingURL=https://example.com/no-upstream-sourcemap.js.map",
  "no-upstream-sourcemap.js.map": "{\\"version\\":3,\\"sources\\":[\\"no-upstream-sourcemap.js\\"],\\"names\\":[\\"meaningOfLife\\",\\"Error\\",\\"boom\\",\\"somethingElse\\",\\"fourth\\",\\"third\\"],\\"mappings\\":\\"AACA,SAASA,gBAEP,MAAM,IAAIC,MADa,IAIzB,SAASC,OACP,MAAM,IAAID,MAAM,QAGlB,SAASE,gBACP,MAAM,IAAIF,MAAM,kBAMlB,SAASG,SACP,MAAM,IAAIH,MAAM,UAGlB,SAASI,QACP,MAAM,IAAIJ,MAAM\\",\\"file\\":\\"no-upstream-sourcemap.js\\"}",
  "something.css": "#id {
    background: white;
}",
  "with-broken-sourcemap.js": "function meaningOfLife(){throw new Error(42)}
//# sourceMappingURL=https://example.com/with-broken-sourcemap.js.map",
  "with-broken-sourcemap.js.map": "{\\"version\\":3,\\"sources\\":[\\"with-broken-sourcemap.js\\"],\\"names\\":[\\"meaningOfLife\\",\\"Error\\"],\\"mappings\\":\\"AAAA,SAASA,gBAEP,MAAM,IAAIC,MADa\\",\\"file\\":\\"with-broken-sourcemap.js\\"}",
  "with-sourcemap-like-string.js": "function createURL(e,n,a){var i=void 0===n?null:n,t=decodeBase64(e,void 0!==a&&a),c=t.indexOf(\\"\\\\n\\",10)+1,r=t.substring(c)+(i?\\"//# sourceMappingURL=\\"+i:\\"\\"),o=new Blob([r],{type:\\"application/javascript\\"});return URL.createObjectURL(o)}function createURL2(e,n,a){var i=void 0===n?null:n,t=decodeBase64(e,void 0!==a&&a),c=t.indexOf(\\"\\\\n\\",10)+1,r=t.substring(c)+(i?\\"//# sourceMappingURL=\\"+i:\\"\\"),o=new Blob([r],{type:\\"application/javascript\\"});return URL.createObjectURL(o)}
//# sourceMappingURL=https://example.com/with-sourcemap-like-string.js.map",
  "with-sourcemap-like-string.js.map": "{\\"version\\":3,\\"sources\\":[\\"with-sourcemap-like-string.js\\"],\\"names\\":[\\"createURL\\",\\"base64\\",\\"sourcemapArg\\",\\"enableUnicodeArg\\",\\"sourcemap\\",\\"undefined\\",\\"source\\",\\"decodeBase64\\",\\"start\\",\\"indexOf\\",\\"body\\",\\"substring\\",\\"blob\\",\\"Blob\\",\\"type\\",\\"URL\\",\\"createObjectURL\\",\\"createURL2\\"],\\"mappings\\":\\"AAAA,SAASA,UAAUC,EAAQC,EAAcC,GACrC,IAAIC,OAA6BC,IAAjBH,EAA6B,KAAOA,EAEhDI,EAASC,aAAaN,OADeI,IAArBF,GAAyCA,GAEzDK,EAAQF,EAAOG,QAAQ,KAAM,IAAM,EACnCC,EAAOJ,EAAOK,UAAUH,IAAUJ,EAAY,wBAA4BA,EAAY,IACtFQ,EAAO,IAAIC,KAAK,CAACH,GAAO,CAAEI,KAAM,2BACpC,OAAOC,IAAIC,gBAAgBJ,GAG/B,SAASK,WAAWhB,EAAQC,EAAcC,GACtC,IAAIC,OAA6BC,IAAjBH,EAA6B,KAAOA,EAEhDI,EAASC,aAAaN,OADeI,IAArBF,GAAyCA,GAEzDK,EAAQF,EAAOG,QAAQ,KAAM,IAAM,EACnCC,EAAOJ,EAAOK,UAAUH,IAAUJ,EAAY,wBAA0BA,EAAY,IACpFQ,EAAO,IAAIC,KAAK,CAACH,GAAO,CAAEI,KAAM,2BACpC,OAAOC,IAAIC,gBAAgBJ\\",\\"file\\":\\"with-sourcemap-like-string.js\\"}",
}
`;
